[www.astroawani.com/gaya-hidup/hukum-suami-kahwin-lain-tanpa-izin-ini-penjelasan-ustaz-azhar-idrus-442448.html]
[rtbcdn.andbeyond.media/prod-global-549966.js]
[www.googletagservices.com/tag/js/f.txt]
[www.googletagmanager.com/gtmf2ff.js]
[backblue.gif]
[fade.gif]
[index.html]
[www.astroawani.com/runtime.414148b4e9b9a731f1c5.js]
[www.astroawani.com/npm.react-intl.f48f2f7168004641056e.chunk.js]
[www.astroawani.com/npm.uuid.7895f9fc8938b0e8f3cc.chunk.js]
[www.astroawani.com/npm.redux-saga.81a2672292265957ad66.chunk.js]
[www.astroawani.com/npm.tanstack.9731dc4523d3259cf4b7.chunk.js]
[www.astroawani.com/npm.react-app-polyfill.3cc1a817a39687501686.chunk.js]
[www.astroawani.com/npm.core-js.0b192eddc04a3210394f.chunk.js]
[www.astroawani.com/npm.react-redux.5a681c9346d4e26aa0a2.chunk.js]
[cdn.taboola.com/libtrc/astromediasolutions-astroawani/loader.js]
[www.astroawani.com/npm.emotion.9b3234cc5bd24b0757ea.chunk.js]
[www.astroawani.com/npm.formatjs.8bb78a2bfd6fc9efdc58.chunk.js]
[www.astroawani.com/gaya-hidup/hukum-suami-kahwin-lain-tanpa-izin-ini-penjelasan-ustaz-azhar-idrus-442448.html]
[www.astroawani.com/cdn-cgi/scripts/7d0fa10a/cloudflare-static/rocket-loader.min.js]
[www.astroawani.com/main.c0ed741ae0c66e8de907.chunk.js]
