[sinarplus.sinarharian.com.my/kisah-masyarakat/anak-menantu-wajib-pulang-sebelum-maghrib-ustazah-siti-nor-bahyah/index.html]
[backblue.gif]
[fade.gif]
[index.html]
[website-sinarharian.sinarharian.com.my/2022/06/favicon-2.png]
[sinarplus.sinarharian.com.my/wp-content/cache/wpfc-minified/dhpyygnc/2sdq4.css]
[sinarplus.sinarharian.com.my/wp-content/cache/wpfc-minified/deg7hlky/2sdq4.css]
[sinarplus.sinarharian.com.my/wp-content/cache/wpfc-minified/23za5avv/2sdq4.css]
[sinarplus.sinarharian.com.my/wp-content/cache/wpfc-minified/8mqwxs0k/2sdq4.css]
[sinarplus.sinarharian.com.my/wp-content/cache/wpfc-minified/2z8dayi1/2sdq4.css]
[sinarplus.sinarharian.com.my/wp-content/cache/wpfc-minified/kmpjuh7r/2sdq4.css]
[sinarplus.sinarharian.com.my/wp-content/cache/wpfc-minified/kxar2b4x/2si8u.js]
[sinarplus.sinarharian.com.my/wp-content/cache/wpfc-minified/lmr9l4mp/2si8u.js]
[securepubads.g.doubleclick.net/tag/js/f.txt]
[sinarplus.sinarharian.com.my/marfeel.min.js]
[xhr.invl.co/magic/36241/auto.js]
[anymind360.com/js/4571/ats.js]
[sinarplus.sinarharian.com.my/wp-includes/js/jquery/jquery.minf43b.js]
[website-sinarharian.sinarharian.com.my/2022/06/sinarplus.png]
[website-sinarharian.sinarharian.com.my/2020/03/ustazah-nak-5.jpg]
[website-sinarharian.s3.ap-southeast-1.amazonaws.com/2020/03/ustazah-nak-3.jpg]
[website-sinarharian.s3.ap-southeast-1.amazonaws.com/2020/03/ustazah-nak-2.jpg]
[sinarplus.sinarharian.com.my/wp-content/cache/wpfc-minified/sueh2ft/2sdw0.js]
[sinarplus.sinarharian.com.my/wp-content/cache/wpfc-minified/14nzl96j/2sdw0.js]
[sinarplus.sinarharian.com.my/wp-content/cache/wpfc-minified/dl05vt2/2sdq5.js]
[sinarplus.sinarharian.com.my/wp-content/cache/wpfc-minified/l0vmlf7w/2sdq5.js]
[sinarplus.sinarharian.com.my/wp-content/cache/wpfc-minified/jqjrmlyh/2sdq5.js]
[sinarplus.sinarharian.com.my/wp-content/cache/wpfc-minified/d6nsinaw/2sdq5.js]
[sinarplus.sinarharian.com.my/wp-content/cache/wpfc-minified/kc6h15bs/2sdq5.js]
[sinarplus.sinarharian.com.my/wp-content/cache/wpfc-minified/9atva5mc/2sdq5.js]
[sinarplus.sinarharian.com.my/wp-content/cache/wpfc-minified/jq0i4wv2/2sdq5.js]
[sinarplus.sinarharian.com.my/wp-content/cache/wpfc-minified/fsantf7b/2sdq5.js]
[sinarplus.sinarharian.com.my/wp-content/cache/wpfc-minified/79uxatzz/2sdq5.js]
[sinarplus.sinarharian.com.my/wp-content/cache/wpfc-minified/2e4axusp/2sdq5.js]
[sinarplus.sinarharian.com.my/wp-content/cache/wpfc-minified/77k44ynn/2sdq5.js]
[sinarplus.sinarharian.com.my/wp-content/cache/wpfc-minified/drsyerzd/2sdq5.js]
[sinarplus.sinarharian.com.my/wp-content/cache/wpfc-minified/9aphko66/2sdq4.js]
[sinarplus.sinarharian.com.my/kisah-masyarakat/anak-menantu-wajib-pulang-sebelum-maghrib-ustazah-siti-nor-bahyah/index.html]
[sinarplus.sinarharian.com.my/kisah-masyarakat/anak-menantu-wajib-pulang-sebelum-maghrib-ustazah-siti-nor-bahyah/amp/index.html]
[sinarplus.sinarharian.com.my/wp-content/cache/wpfc-minified/dhpyygnc/2sdq4.css]
[sinarplus.sinarharian.com.my/wp-content/cache/wpfc-minified/deg7hlky/2sdq4.css]
[sinarplus.sinarharian.com.my/wp-content/cache/wpfc-minified/23za5avv/2sdq4.css]
[sinarplus.sinarharian.com.my/wp-content/cache/wpfc-minified/8mqwxs0k/2sdq4.css]
[sinarplus.sinarharian.com.my/wp-includes/js/jquery/jquery-migrate.minef10.js]
[sinarplus.sinarharian.com.my/wp-content/plugins/td-composer/legacy/Newspaper/assets/images/sprite/elements.png]
[sinarplus.sinarharian.com.my/wp-content/cache/wpfc-minified/2z8dayi1/2sdq4.css]
[sinarplus.sinarharian.com.my/wp-content/cache/wpfc-minified/kmpjuh7r/2sdq4.css]
[sinarplus.sinarharian.com.my/wp-content/cache/wpfc-minified/kxar2b4x/2si8u.js]
[sinarplus.sinarharian.com.my/wp-content/cache/wpfc-minified/lmr9l4mp/2si8u.js]
[www.googletagmanager.com/gtm5445.html]
[sinarplus.sinarharian.com.my/marfeel-sdk5445.js]
[sinarplus.sinarharian.com.my/marfeel-sdk.es55445.js]
[sinarplus.sinarharian.com.my/marfeel.min.js]
[sinarplus.sinarharian.com.my/wp-includes/js/jquery/jquery.minf43b.js]
[sinarplus.sinarharian.com.my/wp-content/cache/wpfc-minified/sueh2ft/2sdw0.js]
[connect.facebook.net/en_US/sdk.js]
[sinarplus.sinarharian.com.my/wp-content/cache/wpfc-minified/14nzl96j/2sdw0.js]
[sinarplus.sinarharian.com.my/wp-content/cache/wpfc-minified/dl05vt2/2sdq5.js]
[sinarplus.sinarharian.com.my/wp-content/cache/wpfc-minified/l0vmlf7w/2sdq5.js]
[sinarplus.sinarharian.com.my/wp-content/cache/wpfc-minified/jqjrmlyh/2sdq5.js]
[sinarplus.sinarharian.com.my/wp-content/cache/wpfc-minified/d6nsinaw/2sdq5.js]
[sinarplus.sinarharian.com.my/wp-content/cache/wpfc-minified/kc6h15bs/2sdq5.js]
[sinarplus.sinarharian.com.my/wp-content/cache/wpfc-minified/9atva5mc/2sdq5.js]
[sinarplus.sinarharian.com.my/wp-content/cache/wpfc-minified/jq0i4wv2/2sdq5.js]
[sinarplus.sinarharian.com.my/wp-content/cache/wpfc-minified/fsantf7b/2sdq5.js]
[sinarplus.sinarharian.com.my/wp-content/cache/wpfc-minified/79uxatzz/2sdq5.js]
[sinarplus.sinarharian.com.my/wp-content/cache/wpfc-minified/2e4axusp/2sdq5.js]
[sinarplus.sinarharian.com.my/wp-content/cache/wpfc-minified/77k44ynn/2sdq5.js]
[sinarplus.sinarharian.com.my/wp-content/cache/wpfc-minified/drsyerzd/2sdq5.js]
[sinarplus.sinarharian.com.my/wp-content/cache/wpfc-minified/9aphko66/2sdq4.js]
[sinarplus.sinarharian.com.my/wp-includes/js/jquery/jquery-migrate.minef10.js]
[sinarplus.sinarharian.com.my/marfeel-sdk5445.html]
[sinarplus.sinarharian.com.my/marfeel-sdk.es55445.html]
[connect.facebook.net/en_US/sdk.js]
[player.vimeo.com/api/player.js]
