[semuanyajdt.com/bila-anak-tak-mahu-dengar-kata/index.html]
[backblue.gif]
[fade.gif]
[index.html]
[semuanyajdt.com/wp-content/cache/wpfc-minified/6l6ktyas/2f4f6.css]
[semuanyajdt.com/wp-content/uploads/2019/01/Anak-Tak-Mahu-Dengar-Kata.jpg]
[semuanyajdt.com/wp-content/uploads/2016/12/32x32.png]
[semuanyajdt.com/wp-content/uploads/2016/12/57x57.png]
[semuanyajdt.com/wp-content/uploads/2016/12/76x76.png]
[semuanyajdt.com/wp-content/uploads/2016/12/120x120.png]
[semuanyajdt.com/wp-content/uploads/2016/12/152x152.png]
[www.google-analytics.com/analytics.js]
[pagead2.googlesyndication.com/pagead/js/f.txt]
[semuanyajdt.com/wp-content/uploads/2021/06/klcc-1.jpg]
[semuanyajdt.com/wp-content/uploads/2019/01/Anak-Tak-Mahu-Dengar-Kata2.jpg]
[semuanyajdt.com/wp-content/uploads/2019/01/Anak-Tak-Mahu-Dengar-Kata3.jpg]
[semuanyajdt.com/wp-content/plugins/wp-fastest-cache-premium/pro/images/blank.gif]
[semuanyajdt.com/wp-content/cache/wpfc-minified/jyq0mus4/2eo41.css]
[connect.facebook.net/en_US/sdk.js]
[semuanyajdt.com/bila-anak-tak-mahu-dengar-kata/index.html]
[semuanyajdt.com/wp-content/themes/Total/assets/images/highlight-left.png]
[semuanyajdt.com/wp-content/themes/Total/assets/images/dotted-overlay.png]
[semuanyajdt.com/wp-content/themes/Total/assets/images/dashed-overlay.png]
[semuanyajdt.com/wp-content/themes/Total/assets/images/overlay-plus.png]
[semuanyajdt.com/wp-content/themes/Total/assets/images/quote.png]
[semuanyajdt.com/wp-content/themes/Total/assets/images/full-screen-overlay-nav-close-black.png]
[semuanyajdt.com/wp-content/themes/Total/assets/images/full-screen-overlay-nav-close-white.png]
[semuanyajdt.com/wp-content/cache/wpfc-minified/6c7ca1614beedc72540c6da978d36c95/4ox8o.js]
[semuanyajdt.com/wp-content/themes/Total/owl.video.play.png]
[semuanyajdt.com/wp-content/themes/Total/assets/images/loader.gif]
[semuanyajdt.com/wp-content/themes/social_icons/facebook_16.png]
[semuanyajdt.com/wp-content/themes/social_icons/digg_16.png]
[semuanyajdt.com/wp-content/themes/social_icons/twitter_16.png]
[semuanyajdt.com/wp-content/themes/social_icons/delicious_16.png]
[semuanyajdt.com/wp-content/themes/social_icons/reddit_16.png]
[semuanyajdt.com/wp-content/themes/social_icons/google_plus_16.png]
[semuanyajdt.com/wp-content/cache/wpfc-minified/6l6ktyas/2f4f6.css]
[semuanyajdt.com/wp-content/cache/wpfc-minified/jyq0mus4/2eo41.css]
[connect.facebook.net/en_US/sdk.js]
[semuanyajdt.com/wp-content/themes/Total/owl.video.play.html]
[semuanyajdt.com/wp-content/themes/social_icons/facebook_16.html]
[semuanyajdt.com/wp-content/themes/social_icons/digg_16.html]
[semuanyajdt.com/wp-content/themes/social_icons/twitter_16.html]
[semuanyajdt.com/wp-content/themes/social_icons/delicious_16.html]
[semuanyajdt.com/wp-content/themes/social_icons/reddit_16.html]
[semuanyajdt.com/wp-content/themes/social_icons/google_plus_16.html]
