[www.kelabmama.com/rumah-tangga-bahagia-ustazah-siti-nor-bahyah/index.html]
[backblue.gif]
[fade.gif]
[index.html]
[www.kelabmama.com/story_wordpress/wp-content/uploads/2019/02/kmm.png]
[www.kelabmama.com/story_wordpress/wp-includes/css/dist/block-library/A.style.min.css,qver=5.7.2.pagespeed.cf.XRz6SezAMZ.css]
[www.kelabmama.com/story_wordpress/wp-includes/css/dist/block-library/theme.min9f31.css]
[www.kelabmama.com/story_wordpress/wp-content/themes/soledad/A.style.css,qver=6.1.pagespeed.cf.NJZdti6RUJ.css]
[www.kelabmama.com/story_wordpress/wp-includes/js/jquery/jquery.min.js,qver=3.5.1.pagespeed.jm.buo63cp1wa.js]
[www.kelabmama.com/story_wordpress/wp-includes/js/jquery/jquery-migrate.min.js,qver=3.3.2.pagespeed.jm.Ws-UgblvVg.js]
[www.kelabmama.com/rumah-tangga-bahagia-ustazah-siti-nor-bahyah/OneSignalSDKUpdaterWorker.js.php]
[www.kelabmama.com/rumah-tangga-bahagia-ustazah-siti-nor-bahyah/OneSignalSDKWorker.js.php]
[www.kelabmama.com/v3/assets/js/jquery.1.8.3.min.js.pagespeed.jm.0IhQ85x_cu.js]
[visual.nuren.co/media/dynamicnuren.js]
[www.kelabmama.com/rumah-tangga-bahagia-ustazah-siti-nor-bahyah/amp/index.html]
[www.kelabmama.com/v3/assets/css/A.assets.css+style.css+shortcodes.min.css,Mcc.vryRYcQVJ8.css.pagespeed.cf.U-uyye5bZd.css]
[www.kelabmama.com/v3/assets/css/A.light.min.css.pagespeed.cf.vaOZopL_Zj.css]
[www.kelabmama.com/v3/assets/css/skins/A.default.css.pagespeed.cf.QFksxDVvMS.css]
[www.kelabmama.com/story_wordpress/wp-content/themes/soledad/images/xpenci-holder.png.pagespeed.ic.vOghHNnxkj.png]
[www.kelabmama.com/story_wordpress/wp-content/uploads/2018/12/logo-kelabmama.png]
[video.unrulymedia.com/native/native-loader.js]
[www.kelabmama.com/cms/articles/gallery/201805245670746.jpg]
[www.kelabmama.com/story_wordpress/wp-content/uploads/2018/11/100x100xUntitled-design-2-150x150.jpg.pagespeed.ic.yDfCZlkoG2.jpg]
[s3-ap-southeast-1.amazonaws.com/www.kelabmama.com/image/kmm-800-x-800.png]
[www.kelabmama.com/cms/articles/images_new/2018052411401.jpg]
[connect.facebook.net/en_US/sdk/xfbml.customerchat.js]
[www.kelabmama.com/cdn-cgi/scripts/5c5dd728/cloudflare-static/email-decode.min.js]
[www.kelabmama.com/story_wordpress/wp-content/plugins/penci-recipe/js/jquery.rateyo.min.js,qver=2.2.pagespeed.jm.LjM9RJmiC1.js]
[www.kelabmama.com/story_wordpress/wp-content/themes/soledad/js/libs-script.min9b2d.js]
[www.kelabmama.com/story_wordpress/wp-content/themes/soledad/js/main.js,qver=6.1.pagespeed.jm.16JuGKLvE8.js]
[www.kelabmama.com/story_wordpress/wp-content/themes/soledad/js/more-post.js,qver=1.0.pagespeed.jm.2CBNxKgT7N.js]
[www.kelabmama.com/story_wordpress/wp-content/plugins/penci-recipe,_js,_rating_recipe.js,qver==2.2+penci-review,_js,_jquery.easypiechart.min.js,qver==1.0+penci-review,_js,_rev]
[www.kelabmama.com/story_wordpress/wp-content,_themes,_soledad,_js,_archive-more-post.js,qver==1.0+wp-includes,_js,_wp-embed.min.js,qver==5.7.2.pagespeed.jc.3PBBg2-Dge.1c.dela]
[cdn.onesignal.com/sdks/OneSignalSDK9f31.js]
[www.kelabmama.com/cdn-cgi/scripts/7d0fa10a/cloudflare-static/rocket-loader.min.js]
[www.kelabmama.com/rumah-tangga-bahagia-ustazah-siti-nor-bahyah/index.html]
[www.googletagmanager.com/gtm5445.html]
[www.kelabmama.com/story_wordpress/wp-includes/css/dist/block-library/A.style.min.css,qver=5.7.2.pagespeed.cf.XRz6SezAMZ.css]
[www.kelabmama.com/story_wordpress/wp-includes/css/dist/block-library/theme.min9f31.css]
[www.kelabmama.com/cdn-cgi/challenge-platform/h/b/scripts/jsd/695da7821231/main.js]
[www.kelabmama.com/story_wordpress/wp-content/themes/soledad/fonts/fontawesome-webfont3e6e.eot]
[www.kelabmama.com/story_wordpress/wp-content/themes/soledad/fonts/fontawesome-webfontd41d.eot]
[www.kelabmama.com/story_wordpress/wp-content/themes/soledad/fonts/fontawesome-webfont3e6e.woff2]
[www.kelabmama.com/story_wordpress/wp-content/themes/soledad/fonts/fontawesome-webfont3e6e.woff]
[www.kelabmama.com/story_wordpress/wp-content/themes/soledad/fonts/fontawesome-webfont3e6e.ttf]
[www.kelabmama.com/story_wordpress/wp-content/themes/soledad/fonts/fontawesome-webfont3e6e.svg]
[www.kelabmama.com/story_wordpress/wp-content/themes/soledad/fonts/icomoon9c12.eot]
[www.kelabmama.com/story_wordpress/wp-content/themes/soledad/fonts/icomoon9c12.ttf]
[www.kelabmama.com/story_wordpress/wp-content/themes/soledad/fonts/icomoon9c12.woff]
[www.kelabmama.com/story_wordpress/wp-content/themes/soledad/fonts/icomoon9c12.svg]
[www.kelabmama.com/story_wordpress/wp-content/themes/soledad/owl.video.play.png]
[www.kelabmama.com/story_wordpress/wp-content/themes/soledad/images/loading.gif]
[www.kelabmama.com/story_wordpress/wp-content/themes/soledad/images/loading2.gif]
[www.kelabmama.com/story_wordpress/wp-content/themes/soledad/images/no-image.jpg]
[www.kelabmama.com/story_wordpress/wp-content/themes/soledad/images/xsearchsubmit.png.pagespeed.ic.gLjV6dUAaP.png]
[www.kelabmama.com/story_wordpress/wp-content/themes/soledad/A.style.css,qver=6.1.pagespeed.cf.NJZdti6RUJ.css]
[www.kelabmama.com/story_wordpress/wp-includes/js/jquery/jquery.min.js,qver=3.5.1.pagespeed.jm.buo63cp1wa.js]
[www.kelabmama.com/story_wordpress/wp-includes/js/jquery/jquery-migrate.min.js,qver=3.3.2.pagespeed.jm.Ws-UgblvVg.js]
[www.kelabmama.com/rumah-tangga-bahagia-ustazah-siti-nor-bahyah/OneSignalSDKUpdaterWorker.js.html]
[www.kelabmama.com/rumah-tangga-bahagia-ustazah-siti-nor-bahyah/OneSignalSDKWorker.js.html]
[cdn.ampproject.org/v0.js]
[cdn.ampproject.org/v0/amp-analytics-0.1.js]
[www.kelabmama.com/story_wordpress/wp-content/uploads/2018/11/Untitled-design-2-150x150.jpg]
[www.kelabmama.com/rumah-tangga-bahagia-ustazah-siti-nor-bahyah/amp/index.html]
[www.kelabmama.com/cms/articles/gallery/x201805245670746.jpg.pagespeed.ic.mDZV-X6Wpa.jpg]
[www.kelabmama.com/assets/images/blank.gif]
[www.kelabmama.com/v3/assets/css/A.assets.css+style.css+shortcodes.min.css,Mcc.vryRYcQVJ8.css.pagespeed.cf.U-uyye5bZd.css]
[www.kelabmama.com/v3/assets/css/A.light.min.css.pagespeed.cf.vaOZopL_Zj.css]
[www.kelabmama.com/v3/assets/css/skins/A.default.css.pagespeed.cf.QFksxDVvMS.css]
[www.kelabmama.com/rumah-tangga-bahagia-ustazah-siti-nor-bahyah/GET.36.delayed]
[connect.facebook.net/en_US/sdk/xfbml.customerchat.js]
[www.kelabmama.com/rumah-tangga-bahagia-ustazah-siti-nor-bahyah/ABCDEFGHIJKLMNOPQRSTUVWXYZabcdefghijklmnopqrstuvwxyz0123456789+/index.html]
[www.kelabmama.com/rumah-tangga-bahagia-ustazah-siti-nor-bahyah/dialog/index.html]
[www.kelabmama.com/rumah-tangga-bahagia-ustazah-siti-nor-bahyah/LiveChatEvent/index.html]
[www.kelabmama.com/rumah-tangga-bahagia-ustazah-siti-nor-bahyah/rateyo.set]
[www.kelabmama.com/story_wordpress/wp-content/plugins/penci-recipe/js/jquery.rateyo.min.js,qver=2.2.pagespeed.jm.LjM9RJmiC1.js]
[www.kelabmama.com/story_wordpress/wp-content/themes/soledad/js/libs-script.min9b2d.js]
[www.kelabmama.com/story_wordpress/wp-content/themes/soledad/js/main.js,qver=6.1.pagespeed.jm.16JuGKLvE8.js]
[www.kelabmama.com/story_wordpress/wp-content/themes/soledad/js/more-post.js,qver=1.0.pagespeed.jm.2CBNxKgT7N.js]
[www.kelabmama.com/story_wordpress/wp-content/themes/soledad/fonts/fontawesome-webfont3e6e.svg]
[www.kelabmama.com/story_wordpress/wp-content/themes/soledad/fonts/icomoon9c12.svg]
[www.kelabmama.com/story_wordpress/wp-content/themes/soledad/owl.video.play.html]
[www.kelabmama.com/assets/images/blank.html]
[www.kelabmama.com/rumah-tangga-bahagia-ustazah-siti-nor-bahyah/chrome-extension_/index.html]
[www.kelabmama.com/rumah-tangga-bahagia-ustazah-siti-nor-bahyah/ABCDEFGHIJKLMNOPQRSTUVWXYZabcdefghijklmnopqrstuvwxyz0123456789+/index.html]
[www.kelabmama.com/rumah-tangga-bahagia-ustazah-siti-nor-bahyah/GET.html]
[www.kelabmama.com/rumah-tangga-bahagia-ustazah-siti-nor-bahyah/dialog/index.html]
[www.kelabmama.com/rumah-tangga-bahagia-ustazah-siti-nor-bahyah/LiveChatEvent/index.html]
[www.kelabmama.com/rumah-tangga-bahagia-ustazah-siti-nor-bahyah/rateyo.html]
[www.kelabmama.com/rumah-tangga-bahagia-ustazah-siti-nor-bahyah/^([^_/indexd41d.html]
[www.kelabmama.com/rumah-tangga-bahagia-ustazah-siti-nor-bahyah/Trident/index.html]
[www.kelabmama.com/rumah-tangga-bahagia-ustazah-siti-nor-bahyah/Trident/index.html]
[www.kelabmama.com/rumah-tangga-bahagia-ustazah-siti-nor-bahyah/Edge/index.html]
[www.kelabmama.com/rumah-tangga-bahagia-ustazah-siti-nor-bahyah/Edge/index.html]
[www.kelabmama.com/rumah-tangga-bahagia-ustazah-siti-nor-bahyah/^([^_/indexd41d.html]
