[seraikayu123.blogspot.com/2014/11/3-pesanan-ustaz-abdullah-khairi.html]
[backblue.gif]
[fade.gif]
[index.html]
[blogger.googleusercontent.com/img/b/R29vZ2xl/AVvXsEiz8uayfyq-4AokfS7hedArzJ9hyMvZphxfYNpdRfy/s1600/salam6green.png]
[seraikayu123.blogspot.com/2014/11/https.2.delayed]
[www.gstatic.com/external_hosted/clipboardjs/clipboard.min.js]
[www.blogger.com/img/blogger_logo_round_35.png]
[seraikayu123.blogspot.com/2014/11/3-pesanan-ustaz-abdullah-khairi8a62.html]
[blogger.googleusercontent.com/img/b/R29vZ2xl/AVvXsEj2xEhskwzwTKqF_wd78zirC4kQECzBpfqU1RNr26J/s45-c/IMG-20190308-WA0157.jpg]
[seraikayu123.blogspot.com/2014/11/3-pesanan-ustaz-abdullah-khairi4d4a.html]
[www.blogger.com/static/v1/jsbin/4269703388-comment_from_post_iframe.js]
[blogger.googleusercontent.com/img/b/R29vZ2xl/AVvXsEjgVkZbnXJliZk2MGru7JzFlgRVUzMYGvsj02GNVdc/s1600/panel.jpg]
[blogger.googleusercontent.com/img/b/R29vZ2xl/AVvXsEgzmfbo7IK1GDPQKtkxZtbbksJkcADPC560yrr0z-G/s320/416220BANNER_PEMILIHAN_EDIT.jpg]
[blogger.googleusercontent.com/img/b/R29vZ2xl/AVvXsEj2xEhskwzwTKqF_wd78zirC4kQECzBpfqU1RNr26J/s220/IMG-20190308-WA0157.jpg]
[seraikayu123.blogspot.com/2014/11/kes-buli-salah-siapa.html]
[seraikayu123.blogspot.com/2014/11/index.html]
[seraikayu123.blogspot.com/2014/11/halaqah-tv9-5-fasa-masa.html]
[seraikayu123.blogspot.com/2014/11/bubur-asyura-surau-taman-sungai-bakap.html]
[seraikayu123.blogspot.com/2014/11/7-pesanan.html]
[resources.blogblog.com/blogblog/data/res/2809677405-indie_compiled.js]
[www.blogger.com/static/v1/widgets/523887051-widgets.js]
[seraikayu123.blogspot.com/2014/11/3-pesanan-ustaz-abdullah-khairi.html]
[seraikayu123.blogspot.com/2014/11/https.html]
[www.blogger.com/dyn-css/authorizatione114.css]
[seraikayu123.blogspot.com/2014/11/3-pesanan-ustaz-abdullah-khairi8a62.html]
[seraikayu123.blogspot.com/2014/11/3-pesanan-ustaz-abdullah-khairi4d4a.html]
[seraikayu123.blogspot.com/2014/11/index.html]
[seraikayu123.blogspot.com/2014/11/kes-buli-salah-siapa.html]
[seraikayu123.blogspot.com/2014/11/halaqah-tv9-5-fasa-masa.html]
[blogger.googleusercontent.com/img/b/R29vZ2xl/AVvXsEj9iQrHEXcET6dUIBlTpqNWLCqXp89iS7s_irH-N0q/s1600/P_20141109_123850.jpg]
[blogger.googleusercontent.com/img/b/R29vZ2xl/AVvXsEh1m2YLx9lebjYYs6ONJ4TjOU_zhr-AsW9TYqmySc9/s1600/P_20141109_124827.jpg]
[blogger.googleusercontent.com/img/b/R29vZ2xl/AVvXsEi4cDFiNm1mDFr54SHMKF3jKGP6Qhg8Wkh2bOaUoF9/s1600/P_20141109_135550.jpg]
[blogger.googleusercontent.com/img/b/R29vZ2xl/AVvXsEhnj4kjCGjDcrJn0TU6Ay0OrGsaEXPbIgoyplANTrS/s1600/P_20141109_150531.jpg]
[blogger.googleusercontent.com/img/b/R29vZ2xl/AVvXsEjruOuq23XD6l_ZX11Rqa6V3unl9Del4gRukm6PboI/s1600/P_20141109_151910.jpg]
[blogger.googleusercontent.com/img/b/R29vZ2xl/AVvXsEgxkUyEKqUoC_fc-JiPbGUyHR8zoR5cNAWPElPfQP0/s1600/P_20141109_163241.jpg]
[blogger.googleusercontent.com/img/b/R29vZ2xl/AVvXsEidYJIbghpaId6Wz2C8a9mF4oAXdC4IAUr041MvjtP/s45-c/IMG_20210328_123750.jpg]
[seraikayu123.blogspot.com/2014/11/bubur-asyura-surau-taman-sungai-bakapded8.html]
[seraikayu123.blogspot.com/2014/11/bubur-asyura-surau-taman-sungai-bakap.html]
[seraikayu123.blogspot.com/2014/11/7-pesanan.html]
[seraikayu123.blogspot.com/2014/11/bubur-asyura-surau-taman-sungai-bakapded8.html]
[seraikayu123.blogspot.com/2014/11/bubur-asyura-surau-taman-sungai-bakapc508.html]
[seraikayu123.blogspot.com/2014/11/bubur-asyura-surau-taman-sungai-bakapc508.html]
